// Jest Snapshot v1, https://goo.gl/fbAQLP

exports[`App component renders correctly 1`] = `
<div>
  <header
    class="header"
  >
    <div
      class="container"
    >
      <nav
        class="navigation"
      >
        <div
          class="logo"
        >
          <img
            alt="logo"
            class="img"
            src="logo.png"
          />
          <h1>
            Space Travelers' Hub
          </h1>
        </div>
        <ul
          class="nav-List"
        >
          <li
            class="nav-item"
          >
            <a
              aria-current="page"
              class="active"
              href="/"
            >
              <span
                class="active"
              >
                Rockets
              </span>
            </a>
          </li>
          <li
            class="nav-item"
          >
            <a
              class=""
              href="/missions"
            >
              <span
                class=""
              >
                missions
              </span>
            </a>
          </li>
          <li
            class="nav-item"
          >
            <a
              class=""
              href="/dragons"
            >
              <span
                class=""
              >
                dragons
              </span>
            </a>
          </li>
          <li
            class="nav-item"
          >
            <a
              class=""
              href="/profile"
            >
              <span
                class=""
              >
                my profile
              </span>
            </a>
          </li>
        </ul>
      </nav>
    </div>
  </header>
  <div
    class="container"
  >
    <div
      class="app"
    >
      <div
        class="rockets-container"
      >
        <div>
          Loading...
        </div>
      </div>
    </div>
  </div>
</div>
`;
